Popitam v4.0 is now running; run parameters are NORMAL and UNKNOWN (0 allowed gaps)

________________________________________________________________________________

File processed                               : test/TEST_0MOD.mgf
Initial number of spectra                    : 3
Instrument                                   : QTOF
Min covbin                                   : 2
Wanted number of coverage                    : 9
Minimal tag lentgh                           : 3
Minimal coverage for a valuable arrangement  : 0.300000

Graph parameters                              
 - edges_type :                              : 1,2 aa
 - peptide error :                           : 2.00
 - fragment error1 :                         : 0.20
 - fragment error2 :                         : 0.30

DBs                                           
demoDB_FORWARDandDECOY                       : BASE_FORWARDandDECOY_1.0
TAXONOMY                                     : NO
AC FILTER                                    : P48668 DECOY_P48668 Q80V08 DECOY_Q80V08 P68871 DEC...  

Enzyme                                       : Trypsin
Missed cleavage number                       : 2


________________________________________________________________________________

Spectrum ID              : 0
SpectrumTitle            : AIGGGLSSVGGGSSTIK P48668
initPeakNb               :        1160
peakNb after proc.       :          47
ParentMass raw           :   724.36250
ParentMass(M)/Charge     :  1446.72500 / 2      
NodeNb                   :     128 
EdgeNb (simple/double)   :     297 / 3635   


________________________________________________________________________________


Total number of proteins in databases                                                          :      1666
Number of proteins after filter (taxonomy, ACs...)                                             :        24
Number of peptides after filter (PM...)                                                        :         1
Number of peptides with one or more scenario                                                   :         1
Cumulated number of scenarios                                                                  :         1

SAMPLE SIZES for statistics: 0 peptides neg

        # | score (deltaS ; pValue)     | mass        | access                    | id                   | dtbSeq / scenarios (shifts) 
--------- | --------------------------- | ----------- | ------------------------- | -------------------- | -------------------- 
 1. (  2) |   5215.296 (1000 ;    1000) |  1446.76782 | P48668                    | K2C6C_HUMAN          | AIGGGLSSVGGGSSTIK
          |                             |             | DECOY_P48668              | K2C6C_HUMAN          | aiGGGLSSVGG------ 
--------- | --------------------------- | ----------- | ------------------------- | -------------------- | -------------------- 

Processing time was:	0.370000


NEXT______________________________________________________________

Spectrum ID              : 1
SpectrumTitle            : EQIVPKPEEEVAQK P18621
initPeakNb               :         317
peakNb after proc.       :          37
ParentMass raw           :   541.94290
ParentMass(M)/Charge     :  1622.82870 / 3      
NodeNb                   :     146 
EdgeNb (simple/double)   :     275 / 3972   


________________________________________________________________________________


Total number of proteins in databases                                                          :      1666
Number of proteins after filter (taxonomy, ACs...)                                             :        24
Number of peptides after filter (PM...)                                                        :         3
Number of peptides with one or more scenario                                                   :         1
Cumulated number of scenarios                                                                  :         1

SAMPLE SIZES for statistics: 0 peptides neg

        # | score (deltaS ; pValue)     | mass        | access                    | id                   | dtbSeq / scenarios (shifts) 
--------- | --------------------------- | ----------- | ------------------------- | -------------------- | -------------------- 
 1. (  4) |     79.828 (1000 ;    1000) |  1622.85156 | Q80V08                    | Q80V08_MOUSE         | EQIVPKPEEEVAQK
          |                             |             | P18621                    | Q80V08_MOUSE         | EQIVPKPEEEVaqK    
          |                             |             | DECOY_Q80V08              | Q80V08_MOUSE         |                      
          |                             |             | DECOY_P18621              | Q80V08_MOUSE         |                      
--------- | --------------------------- | ----------- | ------------------------- | -------------------- | -------------------- 

Processing time was:	0.360000


NEXT______________________________________________________________

Spectrum ID              : 2
SpectrumTitle            : LHVDPENFR P68871
initPeakNb               :         152
peakNb after proc.       :          20
ParentMass raw           :   563.78185
ParentMass(M)/Charge     :  1125.56370 / 2      
NodeNb                   :     101 
EdgeNb (simple/double)   :     212 / 2727   


________________________________________________________________________________


Total number of proteins in databases                                                          :      1666
Number of proteins after filter (taxonomy, ACs...)                                             :        24
Number of peptides after filter (PM...)                                                        :         1
Number of peptides with one or more scenario                                                   :         1
Cumulated number of scenarios                                                                  :         1

SAMPLE SIZES for statistics: 0 peptides neg

        # | score (deltaS ; pValue)     | mass        | access                    | id                   | dtbSeq / scenarios (shifts) 
--------- | --------------------------- | ----------- | ------------------------- | -------------------- | -------------------- 
 1. (  2) |    131.300 (1000 ;    1000) |  1125.55664 | P68871                    | HBB_HUMAN            | LHVDPENFR
          |                             |             | DECOY_P68871              | HBB_HUMAN            | LHVDPENfr         
--------- | --------------------------- | ----------- | ------------------------- | -------------------- | -------------------- 

Processing time was:	0.160000


NEXT______________________________________________________________



RESULTS BY PROTEIN (MINIMUM PEPTIDE COVERAGE REQUIRED FOR DISPLAY IS 5): 

NO CANDIDATE PROTEIN 
